
> cobalt-apollo@0.0.0 build
> tsc -b && vite build

convex/ai.ts(6,7): error TS6133: 'MOCK_HINTS' is declared but its value is never read.
convex/classroom.ts(1,17): error TS6133: 'mutation' is declared but its value is never read.
convex/questions.ts(1,17): error TS6133: 'mutation' is declared but its value is never read.
convex/seed.ts(2,1): error TS6133: 'v' is declared but its value is never read.
src/pages/PracticeSession.tsx(13,9): error TS6133: 'currentTopic' is declared but its value is never read.
src/pages/StudentHome.tsx(5,156): error TS6133: 'Play' is declared but its value is never read.
